[debug] [2026-05-12T06:43:58.442Z] ----------------------------------------------------------------------
[debug] [2026-05-12T06:43:58.446Z] Command:       /opt/homebrew/Cellar/node/26.0.0/bin/node /opt/homebrew/bin/firebase init
[debug] [2026-05-12T06:43:58.447Z] CLI Version:   15.17.0
[debug] [2026-05-12T06:43:58.447Z] Platform:      darwin
[debug] [2026-05-12T06:43:58.447Z] Node Version:  v26.0.0
[debug] [2026-05-12T06:43:58.447Z] Time:          Tue May 12 2026 16:43:58 GMT+1000 (Australian Eastern Standard Time)
[debug] [2026-05-12T06:43:58.447Z] ----------------------------------------------------------------------
[debug] 
[info] 
     ######## #### ########  ######## ########     ###     ######  ########
     ##        ##  ##     ## ##       ##     ##  ##   ##  ##       ##
     ######    ##  ########  ######   ########  #########  ######  ######
     ##        ##  ##    ##  ##       ##     ## ##     ##       ## ##
     ##       #### ##     ## ######## ########  ##     ##  ######  ########

You're about to initialize a Firebase project in this directory:

  /Users/dchoi/Code/nomadworks/simple_play_firebase

[info] 
=== Project Setup
[info] 
[info] First, let's associate this project directory with a Firebase project.
[info] You can create multiple project aliases by running firebase use --add, 
[info] 
[debug] [2026-05-12T06:44:41.496Z] > command requires scopes: ["email","openid","https://www.googleapis.com/auth/cloudplatformprojects.readonly","https://www.googleapis.com/auth/firebase","https://www.googleapis.com/auth/cloud-platform"]
[debug] [2026-05-12T06:44:41.496Z] > authorizing via signed-in user (dukhochoi@gmail.com)
[debug] [2026-05-12T06:44:41.497Z] Checked if tokens are valid: true, expires at: 1778569819999
[debug] [2026-05-12T06:44:41.497Z] Checked if tokens are valid: true, expires at: 1778569819999
[debug] [2026-05-12T06:44:41.498Z] >>> [apiv2][query] GET https://firebase.googleapis.com/v1beta1/projects/simpleplay-c585b [none]
[debug] [2026-05-12T06:44:42.094Z] <<< [apiv2][status] GET https://firebase.googleapis.com/v1beta1/projects/simpleplay-c585b 200
[debug] [2026-05-12T06:44:42.094Z] <<< [apiv2][body] GET https://firebase.googleapis.com/v1beta1/projects/simpleplay-c585b {"projectId":"simpleplay-c585b","projectNumber":"645561283512","displayName":"SimplePlay","name":"projects/simpleplay-c585b","resources":{"hostingSite":"simpleplay-c585b"},"state":"ACTIVE","etag":"1_88eb6400-63d5-4a12-a3a9-70911ceb2341"}
[info] i  Using project simpleplay-c585b (SimplePlay) . 
[info] 
=== Firestore Setup
[info] i  firestore: ensuring required API firestore.googleapis.com is enabled... 
[debug] [2026-05-12T06:44:42.111Z] Checked if tokens are valid: true, expires at: 1778569819999
[debug] [2026-05-12T06:44:42.111Z] Checked if tokens are valid: true, expires at: 1778569819999
[debug] [2026-05-12T06:44:42.111Z] >>> [apiv2][query] GET https://firestore.googleapis.com/v1/projects/simpleplay-c585b/databases [none]
[debug] [2026-05-12T06:44:42.866Z] <<< [apiv2][status] GET https://firestore.googleapis.com/v1/projects/simpleplay-c585b/databases 200
[debug] [2026-05-12T06:44:42.866Z] <<< [apiv2][body] GET https://firestore.googleapis.com/v1/projects/simpleplay-c585b/databases {}
[debug] [2026-05-12T06:44:42.866Z] Checked if tokens are valid: true, expires at: 1778569819999
[debug] [2026-05-12T06:44:42.866Z] Checked if tokens are valid: true, expires at: 1778569819999
[debug] [2026-05-12T06:44:42.866Z] >>> [apiv2][query] GET https://firestore.googleapis.com/v1/projects/simpleplay-c585b/locations [none]
[debug] [2026-05-12T06:44:43.231Z] <<< [apiv2][status] GET https://firestore.googleapis.com/v1/projects/simpleplay-c585b/locations 200
[debug] [2026-05-12T06:44:43.231Z] <<< [apiv2][body] GET https://firestore.googleapis.com/v1/projects/simpleplay-c585b/locations {"locations":[{"name":"projects/simpleplay-c585b/locations/eur3","labels":{"appengine.googleapis.com/geo":"europe-west","cloud.googleapis.com/location":"eur3","cloud.googleapis.com/geo":"eur3"},"metadata":{"@type":"type.googleapis.com/google.firestore.admin.v1.LocationMetadata"},"locationId":"eur3","displayName":"Europe"},{"name":"projects/simpleplay-c585b/locations/nam5","labels":{"appengine.googleapis.com/geo":"us-central","cloud.googleapis.com/location":"nam5","cloud.googleapis.com/geo":"nam5"},"metadata":{"@type":"type.googleapis.com/google.firestore.admin.v1.LocationMetadata"},"locationId":"nam5","displayName":"United States"},{"name":"projects/simpleplay-c585b/locations/nam7","labels":{"cloud.googleapis.com/location":"nam7","cloud.googleapis.com/geo":"nam7"},"metadata":{"@type":"type.googleapis.com/google.firestore.admin.v1.LocationMetadata"},"locationId":"nam7","displayName":"United States"},{"name":"projects/simpleplay-c585b/locations/africa-south1","labels":{"cloud.googleapis.com/location":"africa-south1","cloud.googleapis.com/region":"africa-south1"},"metadata":{"@type":"type.googleapis.com/google.firestore.admin.v1.LocationMetadata"},"locationId":"africa-south1","displayName":"Johannesburg"},{"name":"projects/simpleplay-c585b/locations/asia-east1","labels":{"appengine.googleapis.com/region":"asia-east1","cloud.googleapis.com/location":"asia-east1","cloud.googleapis.com/region":"asia-east1"},"metadata":{"@type":"type.googleapis.com/google.firestore.admin.v1.LocationMetadata"},"locationId":"asia-east1","displayName":"Taiwan"},{"name":"projects/simpleplay-c585b/locations/asia-east2","labels":{"appengine.googleapis.com/region":"asia-east2","cloud.googleapis.com/location":"asia-east2","cloud.googleapis.com/region":"asia-east2"},"metadata":{"@type":"type.googleapis.com/google.firestore.admin.v1.LocationMetadata"},"locationId":"asia-east2","displayName":"Hong Kong"},{"name":"projects/simpleplay-c585b/locations/asia-northeast1","labels":{"appengine.googleapis.com/region":"asia-northeast1","cloud.googleapis.com/location":"asia-northeast1","cloud.googleapis.com/region":"asia-northeast1"},"metadata":{"@type":"type.googleapis.com/google.firestore.admin.v1.LocationMetadata"},"locationId":"asia-northeast1","displayName":"Tokyo"},{"name":"projects/simpleplay-c585b/locations/asia-northeast2","labels":{"appengine.googleapis.com/region":"asia-northeast2","cloud.googleapis.com/location":"asia-northeast2","cloud.googleapis.com/region":"asia-northeast2"},"metadata":{"@type":"type.googleapis.com/google.firestore.admin.v1.LocationMetadata"},"locationId":"asia-northeast2","displayName":"Osaka"},{"name":"projects/simpleplay-c585b/locations/asia-northeast3","labels":{"appengine.googleapis.com/region":"asia-northeast3","cloud.googleapis.com/location":"asia-northeast3","cloud.googleapis.com/region":"asia-northeast3"},"metadata":{"@type":"type.googleapis.com/google.firestore.admin.v1.LocationMetadata"},"locationId":"asia-northeast3","displayName":"Seoul"},{"name":"projects/simpleplay-c585b/locations/asia-south1","labels":{"appengine.googleapis.com/region":"asia-south1","cloud.googleapis.com/location":"asia-south1","cloud.googleapis.com/region":"asia-south1"},"metadata":{"@type":"type.googleapis.com/google.firestore.admin.v1.LocationMetadata"},"locationId":"asia-south1","displayName":"Mumbai"},{"name":"projects/simpleplay-c585b/locations/asia-south2","labels":{"cloud.googleapis.com/location":"asia-south2","cloud.googleapis.com/region":"asia-south2"},"metadata":{"@type":"type.googleapis.com/google.firestore.admin.v1.LocationMetadata"},"locationId":"asia-south2","displayName":"Delhi"},{"name":"projects/simpleplay-c585b/locations/asia-southeast1","labels":{"appengine.googleapis.com/region":"asia-southeast1","cloud.googleapis.com/location":"asia-southeast1","cloud.googleapis.com/region":"asia-southeast1"},"metadata":{"@type":"type.googleapis.com/google.firestore.admin.v1.LocationMetadata"},"locationId":"asia-southeast1","displayName":"Singapore"},{"name":"projects/simpleplay-c585b/locations/asia-southeast2","labels":{"appengine.googleapis.com/region":"asia-southeast2","cloud.googleapis.com/location":"asia-southeast2","cloud.googleapis.com/region":"asia-southeast2"},"metadata":{"@type":"type.googleapis.com/google.firestore.admin.v1.LocationMetadata"},"locationId":"asia-southeast2","displayName":"Jakarta"},{"name":"projects/simpleplay-c585b/locations/asia-southeast3","labels":{"cloud.googleapis.com/location":"asia-southeast3","cloud.googleapis.com/region":"asia-southeast3"},"metadata":{"@type":"type.googleapis.com/google.firestore.admin.v1.LocationMetadata"},"locationId":"asia-southeast3","displayName":"Bangkok"},{"name":"projects/simpleplay-c585b/locations/australia-southeast1","labels":{"appengine.googleapis.com/region":"australia-southeast1","cloud.googleapis.com/location":"australia-southeast1","cloud.googleapis.com/region":"australia-southeast1"},"metadata":{"@type":"type.googleapis.com/google.firestore.admin.v1.LocationMetadata"},"locationId":"australia-southeast1","displayName":"Sydney"},{"name":"projects/simpleplay-c585b/locations/australia-southeast2","labels":{"cloud.googleapis.com/location":"australia-southeast2","cloud.googleapis.com/region":"australia-southeast2"},"metadata":{"@type":"type.googleapis.com/google.firestore.admin.v1.LocationMetadata"},"locationId":"australia-southeast2","displayName":"Melbourne"},{"name":"projects/simpleplay-c585b/locations/europe-central2","labels":{"appengine.googleapis.com/region":"europe-central2","cloud.googleapis.com/location":"europe-central2","cloud.googleapis.com/region":"europe-central2"},"metadata":{"@type":"type.googleapis.com/google.firestore.admin.v1.LocationMetadata"},"locationId":"europe-central2","displayName":"Warsaw"},{"name":"projects/simpleplay-c585b/locations/europe-north1","labels":{"cloud.googleapis.com/location":"europe-north1","cloud.googleapis.com/region":"europe-north1"},"metadata":{"@type":"type.googleapis.com/google.firestore.admin.v1.LocationMetadata"},"locationId":"europe-north1","displayName":"Finland"},{"name":"projects/simpleplay-c585b/locations/europe-north2","labels":{"cloud.googleapis.com/location":"europe-north2","cloud.googleapis.com/region":"europe-north2"},"metadata":{"@type":"type.googleapis.com/google.firestore.admin.v1.LocationMetadata"},"locationId":"europe-north2","displayName":"Stockholm"},{"name":"projects/simpleplay-c585b/locations/europe-southwest1","labels":{"cloud.googleapis.com/location":"europe-southwest1","cloud.googleapis.com/region":"europe-southwest1"},"metadata":{"@type":"type.googleapis.com/google.firestore.admin.v1.LocationMetadata"},"locationId":"europe-southwest1","displayName":"Madrid"},{"name":"projects/simpleplay-c585b/locations/europe-west1","labels":{"cloud.googleapis.com/location":"europe-west1","cloud.googleapis.com/region":"europe-west1"},"metadata":{"@type":"type.googleapis.com/google.firestore.admin.v1.LocationMetadata"},"locationId":"europe-west1","displayName":"Belgium"},{"name":"projects/simpleplay-c585b/locations/europe-west10","labels":{"cloud.googleapis.com/location":"europe-west10","cloud.googleapis.com/region":"europe-west10"},"metadata":{"@type":"type.googleapis.com/google.firestore.admin.v1.LocationMetadata"},"locationId":"europe-west10","displayName":"Berlin"},{"name":"projects/simpleplay-c585b/locations/europe-west12","labels":{"cloud.googleapis.com/location":"europe-west12","cloud.googleapis.com/region":"europe-west12"},"metadata":{"@type":"type.googleapis.com/google.firestore.admin.v1.LocationMetadata"},"locationId":"europe-west12","displayName":"Turin"},{"name":"projects/simpleplay-c585b/locations/europe-west2","labels":{"appengine.googleapis.com/region":"europe-west2","cloud.googleapis.com/location":"europe-west2","cloud.googleapis.com/region":"europe-west2"},"metadata":{"@type":"type.googleapis.com/google.firestore.admin.v1.LocationMetadata"},"locationId":"europe-west2","displayName":"London"},{"name":"projects/simpleplay-c585b/locations/europe-west3","labels":{"appengine.googleapis.com/region":"europe-west3","cloud.googleapis.com/location":"europe-west3","cloud.googleapis.com/region":"europe-west3"},"metadata":{"@type":"type.googleapis.com/google.firestore.admin.v1.LocationMetadata"},"locationId":"europe-west3","displayName":"Frankfurt"},{"name":"projects/simpleplay-c585b/locations/europe-west4","labels":{"cloud.googleapis.com/location":"europe-west4","cloud.googleapis.com/region":"europe-west4"},"metadata":{"@type":"type.googleapis.com/google.firestore.admin.v1.LocationMetadata"},"locationId":"europe-west4","displayName":"Netherlands"},{"name":"projects/simpleplay-c585b/locations/europe-west6","labels":{"appengine.googleapis.com/region":"europe-west6","cloud.googleapis.com/location":"europe-west6","cloud.googleapis.com/region":"europe-west6"},"metadata":{"@type":"type.googleapis.com/google.firestore.admin.v1.LocationMetadata"},"locationId":"europe-west6","displayName":"Zurich"},{"name":"projects/simpleplay-c585b/locations/europe-west8","labels":{"cloud.googleapis.com/location":"europe-west8","cloud.googleapis.com/region":"europe-west8"},"metadata":{"@type":"type.googleapis.com/google.firestore.admin.v1.LocationMetadata"},"locationId":"europe-west8","displayName":"Milan"},{"name":"projects/simpleplay-c585b/locations/europe-west9","labels":{"cloud.googleapis.com/location":"europe-west9","cloud.googleapis.com/region":"europe-west9"},"metadata":{"@type":"type.googleapis.com/google.firestore.admin.v1.LocationMetadata"},"locationId":"europe-west9","displayName":"Paris"},{"name":"projects/simpleplay-c585b/locations/me-central1","labels":{"cloud.googleapis.com/location":"me-central1","cloud.googleapis.com/region":"me-central1"},"metadata":{"@type":"type.googleapis.com/google.firestore.admin.v1.LocationMetadata"},"locationId":"me-central1","displayName":"Doha"},{"name":"projects/simpleplay-c585b/locations/me-central2","labels":{"cloud.googleapis.com/location":"me-central2","cloud.googleapis.com/region":"me-central2"},"metadata":{"@type":"type.googleapis.com/google.firestore.admin.v1.LocationMetadata"},"locationId":"me-central2","displayName":"Dammam"},{"name":"projects/simpleplay-c585b/locations/me-west1","labels":{"cloud.googleapis.com/location":"me-west1","cloud.googleapis.com/region":"me-west1"},"metadata":{"@type":"type.googleapis.com/google.firestore.admin.v1.LocationMetadata"},"locationId":"me-west1","displayName":"Tel Aviv"},{"name":"projects/simpleplay-c585b/locations/northamerica-northeast1","labels":{"appengine.googleapis.com/region":"northamerica-northeast1","cloud.googleapis.com/location":"northamerica-northeast1","cloud.googleapis.com/region":"northamerica-northeast1"},"metadata":{"@type":"type.googleapis.com/google.firestore.admin.v1.LocationMetadata"},"locationId":"northamerica-northeast1","displayName":"Montréal"},{"name":"projects/simpleplay-c585b/locations/northamerica-northeast2","labels":{"cloud.googleapis.com/location":"northamerica-northeast2","cloud.googleapis.com/region":"northamerica-northeast2"},"metadata":{"@type":"type.googleapis.com/google.firestore.admin.v1.LocationMetadata"},"locationId":"northamerica-northeast2","displayName":"Toronto"},{"name":"projects/simpleplay-c585b/locations/northamerica-south1","labels":{"cloud.googleapis.com/location":"northamerica-south1","cloud.googleapis.com/region":"northamerica-south1"},"metadata":{"@type":"type.googleapis.com/google.firestore.admin.v1.LocationMetadata"},"locationId":"northamerica-south1","displayName":"Mexico"},{"name":"projects/simpleplay-c585b/locations/southamerica-east1","labels":{"appengine.googleapis.com/region":"southamerica-east1","cloud.googleapis.com/location":"southamerica-east1","cloud.googleapis.com/region":"southamerica-east1"},"metadata":{"@type":"type.googleapis.com/google.firestore.admin.v1.LocationMetadata"},"locationId":"southamerica-east1","displayName":"São Paulo"},{"name":"projects/simpleplay-c585b/locations/southamerica-west1","labels":{"cloud.googleapis.com/location":"southamerica-west1","cloud.googleapis.com/region":"southamerica-west1"},"metadata":{"@type":"type.googleapis.com/google.firestore.admin.v1.LocationMetadata"},"locationId":"southamerica-west1","displayName":"Santiago"},{"name":"projects/simpleplay-c585b/locations/us-central1","labels":{"cloud.googleapis.com/location":"us-central1","cloud.googleapis.com/region":"us-central1"},"metadata":{"@type":"type.googleapis.com/google.firestore.admin.v1.LocationMetadata"},"locationId":"us-central1","displayName":"Iowa"},{"name":"projects/simpleplay-c585b/locations/us-east1","labels":{"appengine.googleapis.com/region":"us-east1","cloud.googleapis.com/location":"us-east1","cloud.googleapis.com/region":"us-east1"},"metadata":{"@type":"type.googleapis.com/google.firestore.admin.v1.LocationMetadata"},"locationId":"us-east1","displayName":"South Carolina"},{"name":"projects/simpleplay-c585b/locations/us-east4","labels":{"appengine.googleapis.com/region":"us-east4","cloud.googleapis.com/location":"us-east4","cloud.googleapis.com/region":"us-east4"},"metadata":{"@type":"type.googleapis.com/google.firestore.admin.v1.LocationMetadata"},"locationId":"us-east4","displayName":"Northern Virginia"},{"name":"projects/simpleplay-c585b/locations/us-east5","labels":{"cloud.googleapis.com/location":"us-east5","cloud.googleapis.com/region":"us-east5"},"metadata":{"@type":"type.googleapis.com/google.firestore.admin.v1.LocationMetadata"},"locationId":"us-east5","displayName":"Columbus"},{"name":"projects/simpleplay-c585b/locations/us-south1","labels":{"cloud.googleapis.com/location":"us-south1","cloud.googleapis.com/region":"us-south1"},"metadata":{"@type":"type.googleapis.com/google.firestore.admin.v1.LocationMetadata"},"locationId":"us-south1","displayName":"Dallas"},{"name":"projects/simpleplay-c585b/locations/us-west1","labels":{"appengine.googleapis.com/region":"us-west1","cloud.googleapis.com/location":"us-west1","cloud.googleapis.com/region":"us-west1"},"metadata":{"@type":"type.googleapis.com/google.firestore.admin.v1.LocationMetadata"},"locationId":"us-west1","displayName":"Oregon"},{"name":"projects/simpleplay-c585b/locations/us-west2","labels":{"appengine.googleapis.com/region":"us-west2","cloud.googleapis.com/location":"us-west2","cloud.googleapis.com/region":"us-west2"},"metadata":{"@type":"type.googleapis.com/google.firestore.admin.v1.LocationMetadata"},"locationId":"us-west2","displayName":"Los Angeles"},{"name":"projects/simpleplay-c585b/locations/us-west3","labels":{"appengine.googleapis.com/region":"us-west3","cloud.googleapis.com/location":"us-west3","cloud.googleapis.com/region":"us-west3"},"metadata":{"@type":"type.googleapis.com/google.firestore.admin.v1.LocationMetadata"},"locationId":"us-west3","displayName":"Salt Lake City"},{"name":"projects/simpleplay-c585b/locations/us-west4","labels":{"appengine.googleapis.com/region":"us-west4","cloud.googleapis.com/location":"us-west4","cloud.googleapis.com/region":"us-west4"},"metadata":{"@type":"type.googleapis.com/google.firestore.admin.v1.LocationMetadata"},"locationId":"us-west4","displayName":"Las Vegas"}]}
[info] 
[info] Firestore Security Rules allow you to define how and when to allow
[info] requests. You can keep these rules in your project directory
[info] and publish them with firebase deploy.
[info] 
[debug] [2026-05-12T06:44:52.979Z] Checked if tokens are valid: true, expires at: 1778569819999
[debug] [2026-05-12T06:44:52.980Z] Checked if tokens are valid: true, expires at: 1778569819999
[debug] [2026-05-12T06:44:52.980Z] >>> [apiv2][query] GET https://firebaserules.googleapis.com/v1/projects/simpleplay-c585b/releases pageSize=10&pageToken=
[debug] [2026-05-12T06:44:54.670Z] <<< [apiv2][status] GET https://firebaserules.googleapis.com/v1/projects/simpleplay-c585b/releases 200
[debug] [2026-05-12T06:44:54.670Z] <<< [apiv2][body] GET https://firebaserules.googleapis.com/v1/projects/simpleplay-c585b/releases {}
[info] i  firestore.rules is unchanged 
[info] 
[info] Firestore indexes allow you to perform complex queries while
[info] maintaining performance that scales with the size of the result
[info] set. You can keep index definitions in your project directory
[info] and publish them with firebase deploy.
[info] 
[debug] [2026-05-12T06:44:55.251Z] Checked if tokens are valid: true, expires at: 1778569819999
[debug] [2026-05-12T06:44:55.252Z] Checked if tokens are valid: true, expires at: 1778569819999
[debug] [2026-05-12T06:44:55.252Z] Checked if tokens are valid: true, expires at: 1778569819999
[debug] [2026-05-12T06:44:55.252Z] Checked if tokens are valid: true, expires at: 1778569819999
[debug] [2026-05-12T06:44:55.253Z] >>> [apiv2][query] GET https://firestore.googleapis.com/v1/projects/simpleplay-c585b/databases/(default)/collectionGroups/-/indexes [none]
[debug] [2026-05-12T06:44:55.254Z] >>> [apiv2][query] GET https://firestore.googleapis.com/v1/projects/simpleplay-c585b/databases/(default)/collectionGroups/-/fields?filter=indexConfig.usesAncestorConfig=false OR ttlConfig:* [none]
[debug] [2026-05-12T06:44:56.294Z] <<< [apiv2][status] GET https://firestore.googleapis.com/v1/projects/simpleplay-c585b/databases/(default)/collectionGroups/-/fields?filter=indexConfig.usesAncestorConfig=false OR ttlConfig:* 404
[debug] [2026-05-12T06:44:56.294Z] <<< [apiv2][body] GET https://firestore.googleapis.com/v1/projects/simpleplay-c585b/databases/(default)/collectionGroups/-/fields?filter=indexConfig.usesAncestorConfig=false OR ttlConfig:* {"error":{"code":404,"message":"Project 'simpleplay-c585b' or database '(default)' does not exist.","status":"NOT_FOUND"}}
[info] i  firestore.indexes.json is unchanged 
[info] 
=== Functions Setup
[debug] [2026-05-12T06:44:56.299Z] > command requires scopes: ["email","openid","https://www.googleapis.com/auth/cloudplatformprojects.readonly","https://www.googleapis.com/auth/firebase","https://www.googleapis.com/auth/cloud-platform"]
[debug] [2026-05-12T06:44:56.299Z] > authorizing via signed-in user (dukhochoi@gmail.com)
[debug] [2026-05-12T06:44:56.299Z] [iam] checking project simpleplay-c585b for permissions ["firebase.projects.get"]
[debug] [2026-05-12T06:44:56.299Z] Checked if tokens are valid: true, expires at: 1778569819999
[debug] [2026-05-12T06:44:56.299Z] Checked if tokens are valid: true, expires at: 1778569819999
[debug] [2026-05-12T06:44:56.299Z] >>> [apiv2][query] POST https://cloudresourcemanager.googleapis.com/v1/projects/simpleplay-c585b:testIamPermissions [none]
[debug] [2026-05-12T06:44:56.299Z] >>> [apiv2][(partial)header] POST https://cloudresourcemanager.googleapis.com/v1/projects/simpleplay-c585b:testIamPermissions  x-goog-user-project=simpleplay-c585b
[debug] [2026-05-12T06:44:56.300Z] >>> [apiv2][body] POST https://cloudresourcemanager.googleapis.com/v1/projects/simpleplay-c585b:testIamPermissions {"permissions":["firebase.projects.get"]}
[debug] [2026-05-12T06:44:56.302Z] <<< [apiv2][status] GET https://firestore.googleapis.com/v1/projects/simpleplay-c585b/databases/(default)/collectionGroups/-/indexes 404
[debug] [2026-05-12T06:44:56.302Z] <<< [apiv2][body] GET https://firestore.googleapis.com/v1/projects/simpleplay-c585b/databases/(default)/collectionGroups/-/indexes {"error":{"code":404,"message":"Project 'simpleplay-c585b' or database '(default)' does not exist.","status":"NOT_FOUND"}}
[debug] [2026-05-12T06:44:56.786Z] <<< [apiv2][status] POST https://cloudresourcemanager.googleapis.com/v1/projects/simpleplay-c585b:testIamPermissions 200
[debug] [2026-05-12T06:44:56.787Z] <<< [apiv2][body] POST https://cloudresourcemanager.googleapis.com/v1/projects/simpleplay-c585b:testIamPermissions {"permissions":["firebase.projects.get"]}
[info] Let's create a new codebase for your functions.
[info] A directory corresponding to the codebase will be created in your project
[info] with sample code pre-configured.

[info] See https://firebase.google.com/docs/functions/organize-functions for
[info] more information on organizing your functions using codebases.

[info] Functions can be deployed with firebase deploy.

[info] i  functions/requirements.txt is unchanged 
[info] i  functions/.gitignore is unchanged 
[info] i  functions/main.py is unchanged 
[debug] [2026-05-12T06:45:01.130Z] Running command with virtualenv: command=., args=["\"/Users/dchoi/Code/nomadworks/simple_play_firebase/functions/venv/bin/activate\"","&&","pip3","install","--upgrade","pip"]
[debug] [2026-05-12T06:45:04.654Z] Running command with virtualenv: command=., args=["\"/Users/dchoi/Code/nomadworks/simple_play_firebase/functions/venv/bin/activate\"","&&","python3.14","-m","pip","install","-r","requirements.txt"]
[info] 
=== Hosting Setup
[debug] [2026-05-12T06:45:04.676Z] Checked if tokens are valid: true, expires at: 1778569819999
[debug] [2026-05-12T06:45:04.676Z] Checked if tokens are valid: true, expires at: 1778569819999
[debug] [2026-05-12T06:45:04.676Z] >>> [apiv2][query] GET https://firebase.googleapis.com/v1beta1/projects/simpleplay-c585b [none]
[debug] [2026-05-12T06:45:05.394Z] <<< [apiv2][status] GET https://firebase.googleapis.com/v1beta1/projects/simpleplay-c585b 200
[debug] [2026-05-12T06:45:05.394Z] <<< [apiv2][body] GET https://firebase.googleapis.com/v1beta1/projects/simpleplay-c585b {"projectId":"simpleplay-c585b","projectNumber":"645561283512","displayName":"SimplePlay","name":"projects/simpleplay-c585b","resources":{"hostingSite":"simpleplay-c585b"},"state":"ACTIVE","etag":"1_88eb6400-63d5-4a12-a3a9-70911ceb2341"}
[info] 
[info] Your public directory is the folder (relative to your project directory) that
[info] will contain Hosting assets to be uploaded with firebase deploy. If you
[info] have a build process for your assets, use your build's output directory.
[info] 
[debug] [2026-05-12T06:45:13.084Z] >>> [apiv2][query] GET https://www.gstatic.com/firebasejs/releases.json [none]
[debug] [2026-05-12T06:45:13.233Z] <<< [apiv2][status] GET https://www.gstatic.com/firebasejs/releases.json 200
[debug] [2026-05-12T06:45:13.233Z] <<< [apiv2][body] GET https://www.gstatic.com/firebasejs/releases.json {"current":{"version":"12.13.0","browserURL":"https://www.gstatic.com/firebasejs/12.13.0/firebase.js","packageURL":"https://www.gstatic.com/firebasejs/12.13.0/firebase.tgz"},"live":{"version":"12.13","browserURL":"https://www.gstatic.com/firebasejs/live/12.13/firebase.js","packageURL":"https://www.gstatic.com/firebasejs/live/12.13/firebase.tgz"},"components":{"ai":"https://www.gstatic.com/firebasejs/12.13.0/firebase-ai.js","analytics":"https://www.gstatic.com/firebasejs/12.13.0/firebase-analytics.js","app":"https://www.gstatic.com/firebasejs/12.13.0/firebase-app.js","app-check":"https://www.gstatic.com/firebasejs/12.13.0/firebase-app-check.js","auth":"https://www.gstatic.com/firebasejs/12.13.0/firebase-auth.js","auth/cordova":"https://www.gstatic.com/firebasejs/12.13.0/firebase-auth/cordova.js","auth/web-extension":"https://www.gstatic.com/firebasejs/12.13.0/firebase-auth/web-extension.js","functions":"https://www.gstatic.com/firebasejs/12.13.0/firebase-functions.js","firestore":"https://www.gstatic.com/firebasejs/12.13.0/firebase-firestore.js","firestore/lite":"https://www.gstatic.com/firebasejs/12.13.0/firebase-firestore/lite.js","firestore/pipelines":"https://www.gstatic.com/firebasejs/12.13.0/firebase-firestore/pipelines.js","firestore/lite/pipelines":"https://www.gstatic.com/firebasejs/12.13.0/firebase-firestore/lite/pipelines.js","installations":"https://www.gstatic.com/firebasejs/12.13.0/firebase-installations.js","storage":"https://www.gstatic.com/firebasejs/12.13.0/firebase-storage.js","performance":"https://www.gstatic.com/firebasejs/12.13.0/firebase-performance.js","remote-config":"https://www.gstatic.com/firebasejs/12.13.0/firebase-remote-config.js","messaging":"https://www.gstatic.com/firebasejs/12.13.0/firebase-messaging.js","messaging/sw":"https://www.gstatic.com/firebasejs/12.13.0/firebase-messaging/sw.js","database":"https://www.gstatic.com/firebasejs/12.13.0/firebase-database.js","data-connect":"https://www.gstatic.com/firebasejs/12.13.0/firebase-data-connect.js","firestore.memory":"https://www.gstatic.com/firebasejs/12.13.0/firebase-firestore.memory.js"}}
[info] i  public/index.html is unchanged 
[info] 
=== Emulators Setup
[info] i  ui: downloading ui-v1.15.0.zip... {"metadata":{"emulator":{"name":"ui"},"message":"downloading ui-v1.15.0.zip..."}}
[debug] [2026-05-12T06:45:53.088Z] >>> [apiv2][query] GET https://storage.googleapis.com/firebase-preview-drop/emulator/ui-v1.15.0.zip 
[info] 
=== Remoteconfig Setup
[debug] [2026-05-12T06:45:53.244Z] <<< [apiv2][status] GET https://storage.googleapis.com/firebase-preview-drop/emulator/ui-v1.15.0.zip 200
[debug] [2026-05-12T06:45:53.244Z] <<< [apiv2][body] GET https://storage.googleapis.com/firebase-preview-drop/emulator/ui-v1.15.0.zip [stream]
[debug] [2026-05-12T06:45:53.598Z] Data is 3538469
[debug] [2026-05-12T06:45:53.598Z] [unzip] Entry: client/ (compressed_size=0 bytes, uncompressed_size=0 bytes)
[debug] [2026-05-12T06:45:53.599Z] [unzip] Processing entry: client/
[debug] [2026-05-12T06:45:53.599Z] [unzip] mkdir: /Users/dchoi/.cache/firebase/emulators/ui-v1.15.0/client/
[debug] [2026-05-12T06:45:53.599Z] [unzip] Entry: client/favicon-16x16.png (compressed_size=293 bytes, uncompressed_size=293 bytes)
[debug] [2026-05-12T06:45:53.599Z] [unzip] Processing entry: client/favicon-16x16.png
[debug] [2026-05-12T06:45:53.599Z] [unzip] else mkdir: /Users/dchoi/.cache/firebase/emulators/ui-v1.15.0/client
[debug] [2026-05-12T06:45:53.599Z] [unzip] Writing file: /Users/dchoi/.cache/firebase/emulators/ui-v1.15.0/client/favicon-16x16.png
[debug] [2026-05-12T06:45:53.600Z] [unzip] Entry: client/safari-pinned-tab.svg (compressed_size=1433 bytes, uncompressed_size=2611 bytes)
[debug] [2026-05-12T06:45:53.600Z] [unzip] Processing entry: client/safari-pinned-tab.svg
[debug] [2026-05-12T06:45:53.600Z] [unzip] else mkdir: /Users/dchoi/.cache/firebase/emulators/ui-v1.15.0/client
[debug] [2026-05-12T06:45:53.601Z] [unzip] deflating: /Users/dchoi/.cache/firebase/emulators/ui-v1.15.0/client/safari-pinned-tab.svg
[debug] [2026-05-12T06:45:53.603Z] [unzip] Entry: client/favicon.ico (compressed_size=2933 bytes, uncompressed_size=13294 bytes)
[debug] [2026-05-12T06:45:53.603Z] [unzip] Processing entry: client/favicon.ico
[debug] [2026-05-12T06:45:53.603Z] [unzip] else mkdir: /Users/dchoi/.cache/firebase/emulators/ui-v1.15.0/client
[debug] [2026-05-12T06:45:53.604Z] [unzip] deflating: /Users/dchoi/.cache/firebase/emulators/ui-v1.15.0/client/favicon.ico
[debug] [2026-05-12T06:45:53.604Z] [unzip] Entry: client/index.html (compressed_size=1364 bytes, uncompressed_size=3071 bytes)
[debug] [2026-05-12T06:45:53.604Z] [unzip] Processing entry: client/index.html
[debug] [2026-05-12T06:45:53.604Z] [unzip] else mkdir: /Users/dchoi/.cache/firebase/emulators/ui-v1.15.0/client
[debug] [2026-05-12T06:45:53.604Z] [unzip] deflating: /Users/dchoi/.cache/firebase/emulators/ui-v1.15.0/client/index.html
[debug] [2026-05-12T06:45:53.605Z] [unzip] Entry: client/android-chrome-192x192.png (compressed_size=2684 bytes, uncompressed_size=2684 bytes)
[debug] [2026-05-12T06:45:53.605Z] [unzip] Processing entry: client/android-chrome-192x192.png
[debug] [2026-05-12T06:45:53.605Z] [unzip] else mkdir: /Users/dchoi/.cache/firebase/emulators/ui-v1.15.0/client
[debug] [2026-05-12T06:45:53.605Z] [unzip] Writing file: /Users/dchoi/.cache/firebase/emulators/ui-v1.15.0/client/android-chrome-192x192.png
[debug] [2026-05-12T06:45:53.605Z] [unzip] Entry: client/apple-touch-icon.png (compressed_size=2123 bytes, uncompressed_size=2152 bytes)
[debug] [2026-05-12T06:45:53.605Z] [unzip] Processing entry: client/apple-touch-icon.png
[debug] [2026-05-12T06:45:53.605Z] [unzip] else mkdir: /Users/dchoi/.cache/firebase/emulators/ui-v1.15.0/client
[debug] [2026-05-12T06:45:53.606Z] [unzip] deflating: /Users/dchoi/.cache/firebase/emulators/ui-v1.15.0/client/apple-touch-icon.png
[debug] [2026-05-12T06:45:53.606Z] [unzip] Entry: client/android-chrome-512x512.png (compressed_size=5369 bytes, uncompressed_size=5411 bytes)
[debug] [2026-05-12T06:45:53.606Z] [unzip] Processing entry: client/android-chrome-512x512.png
[debug] [2026-05-12T06:45:53.606Z] [unzip] else mkdir: /Users/dchoi/.cache/firebase/emulators/ui-v1.15.0/client
[debug] [2026-05-12T06:45:53.606Z] [unzip] deflating: /Users/dchoi/.cache/firebase/emulators/ui-v1.15.0/client/android-chrome-512x512.png
[debug] [2026-05-12T06:45:53.606Z] [unzip] Entry: client/manifest.json (compressed_size=245 bytes, uncompressed_size=551 bytes)
[debug] [2026-05-12T06:45:53.606Z] [unzip] Processing entry: client/manifest.json
[debug] [2026-05-12T06:45:53.606Z] [unzip] else mkdir: /Users/dchoi/.cache/firebase/emulators/ui-v1.15.0/client
[debug] [2026-05-12T06:45:53.607Z] [unzip] deflating: /Users/dchoi/.cache/firebase/emulators/ui-v1.15.0/client/manifest.json
[debug] [2026-05-12T06:45:53.607Z] [unzip] Entry: client/robots.txt (compressed_size=26 bytes, uncompressed_size=26 bytes)
[debug] [2026-05-12T06:45:53.607Z] [unzip] Processing entry: client/robots.txt
[debug] [2026-05-12T06:45:53.607Z] [unzip] else mkdir: /Users/dchoi/.cache/firebase/emulators/ui-v1.15.0/client
[debug] [2026-05-12T06:45:53.607Z] [unzip] Writing file: /Users/dchoi/.cache/firebase/emulators/ui-v1.15.0/client/robots.txt
[debug] [2026-05-12T06:45:53.607Z] [unzip] Entry: client/mstile-150x150.png (compressed_size=2034 bytes, uncompressed_size=2034 bytes)
[debug] [2026-05-12T06:45:53.607Z] [unzip] Processing entry: client/mstile-150x150.png
[debug] [2026-05-12T06:45:53.607Z] [unzip] else mkdir: /Users/dchoi/.cache/firebase/emulators/ui-v1.15.0/client
[debug] [2026-05-12T06:45:53.607Z] [unzip] Writing file: /Users/dchoi/.cache/firebase/emulators/ui-v1.15.0/client/mstile-150x150.png
[debug] [2026-05-12T06:45:53.608Z] [unzip] Entry: client/assets/ (compressed_size=0 bytes, uncompressed_size=0 bytes)
[debug] [2026-05-12T06:45:53.608Z] [unzip] Processing entry: client/assets/
[debug] [2026-05-12T06:45:53.608Z] [unzip] mkdir: /Users/dchoi/.cache/firebase/emulators/ui-v1.15.0/client/assets/
[debug] [2026-05-12T06:45:53.608Z] [unzip] Entry: client/assets/index-BX-A56oj.js (compressed_size=582089 bytes, uncompressed_size=2092775 bytes)
[debug] [2026-05-12T06:45:53.608Z] [unzip] Processing entry: client/assets/index-BX-A56oj.js
[debug] [2026-05-12T06:45:53.608Z] [unzip] else mkdir: /Users/dchoi/.cache/firebase/emulators/ui-v1.15.0/client/assets
[debug] [2026-05-12T06:45:53.608Z] [unzip] deflating: /Users/dchoi/.cache/firebase/emulators/ui-v1.15.0/client/assets/index-BX-A56oj.js
[debug] [2026-05-12T06:45:53.617Z] [unzip] Entry: client/assets/index-CjB9C900.css (compressed_size=35979 bytes, uncompressed_size=298654 bytes)
[debug] [2026-05-12T06:45:53.617Z] [unzip] Processing entry: client/assets/index-CjB9C900.css
[debug] [2026-05-12T06:45:53.617Z] [unzip] else mkdir: /Users/dchoi/.cache/firebase/emulators/ui-v1.15.0/client/assets
[debug] [2026-05-12T06:45:53.617Z] [unzip] deflating: /Users/dchoi/.cache/firebase/emulators/ui-v1.15.0/client/assets/index-CjB9C900.css
[debug] [2026-05-12T06:45:53.618Z] [unzip] Entry: client/assets/index-BX-A56oj.js.map (compressed_size=2362482 bytes, uncompressed_size=10036679 bytes)
[debug] [2026-05-12T06:45:53.618Z] [unzip] Processing entry: client/assets/index-BX-A56oj.js.map
[debug] [2026-05-12T06:45:53.618Z] [unzip] else mkdir: /Users/dchoi/.cache/firebase/emulators/ui-v1.15.0/client/assets
[debug] [2026-05-12T06:45:53.618Z] [unzip] deflating: /Users/dchoi/.cache/firebase/emulators/ui-v1.15.0/client/assets/index-BX-A56oj.js.map
[debug] [2026-05-12T06:45:53.642Z] [unzip] Entry: client/assets/extensions/ (compressed_size=0 bytes, uncompressed_size=0 bytes)
[debug] [2026-05-12T06:45:53.642Z] [unzip] Processing entry: client/assets/extensions/
[debug] [2026-05-12T06:45:53.642Z] [unzip] mkdir: /Users/dchoi/.cache/firebase/emulators/ui-v1.15.0/client/assets/extensions/
[debug] [2026-05-12T06:45:53.642Z] [unzip] Entry: client/assets/extensions/default-extension.png (compressed_size=1646 bytes, uncompressed_size=1657 bytes)
[debug] [2026-05-12T06:45:53.642Z] [unzip] Processing entry: client/assets/extensions/default-extension.png
[debug] [2026-05-12T06:45:53.642Z] [unzip] else mkdir: /Users/dchoi/.cache/firebase/emulators/ui-v1.15.0/client/assets/extensions
[debug] [2026-05-12T06:45:53.642Z] [unzip] deflating: /Users/dchoi/.cache/firebase/emulators/ui-v1.15.0/client/assets/extensions/default-extension.png
[debug] [2026-05-12T06:45:53.643Z] [unzip] Entry: client/assets/img/ (compressed_size=0 bytes, uncompressed_size=0 bytes)
[debug] [2026-05-12T06:45:53.643Z] [unzip] Processing entry: client/assets/img/
[debug] [2026-05-12T06:45:53.643Z] [unzip] mkdir: /Users/dchoi/.cache/firebase/emulators/ui-v1.15.0/client/assets/img/
[debug] [2026-05-12T06:45:53.643Z] [unzip] Entry: client/assets/img/database.png (compressed_size=29449 bytes, uncompressed_size=29988 bytes)
[debug] [2026-05-12T06:45:53.643Z] [unzip] Processing entry: client/assets/img/database.png
[debug] [2026-05-12T06:45:53.643Z] [unzip] else mkdir: /Users/dchoi/.cache/firebase/emulators/ui-v1.15.0/client/assets/img
[debug] [2026-05-12T06:45:53.643Z] [unzip] deflating: /Users/dchoi/.cache/firebase/emulators/ui-v1.15.0/client/assets/img/database.png
[debug] [2026-05-12T06:45:53.643Z] [unzip] Entry: client/assets/provider-icons/ (compressed_size=0 bytes, uncompressed_size=0 bytes)
[debug] [2026-05-12T06:45:53.643Z] [unzip] Processing entry: client/assets/provider-icons/
[debug] [2026-05-12T06:45:53.643Z] [unzip] mkdir: /Users/dchoi/.cache/firebase/emulators/ui-v1.15.0/client/assets/provider-icons/
[debug] [2026-05-12T06:45:53.643Z] [unzip] Entry: client/assets/provider-icons/auth_service_saml.svg (compressed_size=575 bytes, uncompressed_size=1226 bytes)
[debug] [2026-05-12T06:45:53.643Z] [unzip] Processing entry: client/assets/provider-icons/auth_service_saml.svg
[debug] [2026-05-12T06:45:53.643Z] [unzip] else mkdir: /Users/dchoi/.cache/firebase/emulators/ui-v1.15.0/client/assets/provider-icons
[debug] [2026-05-12T06:45:53.643Z] [unzip] deflating: /Users/dchoi/.cache/firebase/emulators/ui-v1.15.0/client/assets/provider-icons/auth_service_saml.svg
[debug] [2026-05-12T06:45:53.644Z] [unzip] Entry: client/assets/provider-icons/auth_service_phone.svg (compressed_size=261 bytes, uncompressed_size=414 bytes)
[debug] [2026-05-12T06:45:53.644Z] [unzip] Processing entry: client/assets/provider-icons/auth_service_phone.svg
[debug] [2026-05-12T06:45:53.644Z] [unzip] else mkdir: /Users/dchoi/.cache/firebase/emulators/ui-v1.15.0/client/assets/provider-icons
[debug] [2026-05-12T06:45:53.644Z] [unzip] deflating: /Users/dchoi/.cache/firebase/emulators/ui-v1.15.0/client/assets/provider-icons/auth_service_phone.svg
[debug] [2026-05-12T06:45:53.644Z] [unzip] Entry: client/assets/provider-icons/auth_service_facebook.svg (compressed_size=289 bytes, uncompressed_size=457 bytes)
[debug] [2026-05-12T06:45:53.644Z] [unzip] Processing entry: client/assets/provider-icons/auth_service_facebook.svg
[debug] [2026-05-12T06:45:53.644Z] [unzip] else mkdir: /Users/dchoi/.cache/firebase/emulators/ui-v1.15.0/client/assets/provider-icons
[debug] [2026-05-12T06:45:53.644Z] [unzip] deflating: /Users/dchoi/.cache/firebase/emulators/ui-v1.15.0/client/assets/provider-icons/auth_service_facebook.svg
[debug] [2026-05-12T06:45:53.644Z] [unzip] Entry: client/assets/provider-icons/auth_service_game_center.svg (compressed_size=991 bytes, uncompressed_size=3921 bytes)
[debug] [2026-05-12T06:45:53.644Z] [unzip] Processing entry: client/assets/provider-icons/auth_service_game_center.svg
[debug] [2026-05-12T06:45:53.644Z] [unzip] else mkdir: /Users/dchoi/.cache/firebase/emulators/ui-v1.15.0/client/assets/provider-icons
[debug] [2026-05-12T06:45:53.644Z] [unzip] deflating: /Users/dchoi/.cache/firebase/emulators/ui-v1.15.0/client/assets/provider-icons/auth_service_game_center.svg
[debug] [2026-05-12T06:45:53.644Z] [unzip] Entry: client/assets/provider-icons/auth_service_apple.svg (compressed_size=230 bytes, uncompressed_size=334 bytes)
[debug] [2026-05-12T06:45:53.644Z] [unzip] Processing entry: client/assets/provider-icons/auth_service_apple.svg
[debug] [2026-05-12T06:45:53.644Z] [unzip] else mkdir: /Users/dchoi/.cache/firebase/emulators/ui-v1.15.0/client/assets/provider-icons
[debug] [2026-05-12T06:45:53.644Z] [unzip] deflating: /Users/dchoi/.cache/firebase/emulators/ui-v1.15.0/client/assets/provider-icons/auth_service_apple.svg
[debug] [2026-05-12T06:45:53.645Z] [unzip] Entry: client/assets/provider-icons/auth_service_github.svg (compressed_size=466 bytes, uncompressed_size=838 bytes)
[debug] [2026-05-12T06:45:53.645Z] [unzip] Processing entry: client/assets/provider-icons/auth_service_github.svg
[debug] [2026-05-12T06:45:53.645Z] [unzip] else mkdir: /Users/dchoi/.cache/firebase/emulators/ui-v1.15.0/client/assets/provider-icons
[debug] [2026-05-12T06:45:53.645Z] [unzip] deflating: /Users/dchoi/.cache/firebase/emulators/ui-v1.15.0/client/assets/provider-icons/auth_service_github.svg
[debug] [2026-05-12T06:45:53.645Z] [unzip] Entry: client/assets/provider-icons/auth_service_mslive.svg (compressed_size=203 bytes, uncompressed_size=378 bytes)
[debug] [2026-05-12T06:45:53.645Z] [unzip] Processing entry: client/assets/provider-icons/auth_service_mslive.svg
[debug] [2026-05-12T06:45:53.645Z] [unzip] else mkdir: /Users/dchoi/.cache/firebase/emulators/ui-v1.15.0/client/assets/provider-icons
[debug] [2026-05-12T06:45:53.645Z] [unzip] deflating: /Users/dchoi/.cache/firebase/emulators/ui-v1.15.0/client/assets/provider-icons/auth_service_mslive.svg
[debug] [2026-05-12T06:45:53.645Z] [unzip] Entry: client/assets/provider-icons/auth_service_yahoo.svg (compressed_size=577 bytes, uncompressed_size=1182 bytes)
[debug] [2026-05-12T06:45:53.645Z] [unzip] Processing entry: client/assets/provider-icons/auth_service_yahoo.svg
[debug] [2026-05-12T06:45:53.645Z] [unzip] else mkdir: /Users/dchoi/.cache/firebase/emulators/ui-v1.15.0/client/assets/provider-icons
[debug] [2026-05-12T06:45:53.645Z] [unzip] deflating: /Users/dchoi/.cache/firebase/emulators/ui-v1.15.0/client/assets/provider-icons/auth_service_yahoo.svg
[debug] [2026-05-12T06:45:53.645Z] [unzip] Entry: client/assets/provider-icons/auth_service_twitter.svg (compressed_size=444 bytes, uncompressed_size=751 bytes)
[debug] [2026-05-12T06:45:53.645Z] [unzip] Processing entry: client/assets/provider-icons/auth_service_twitter.svg
[debug] [2026-05-12T06:45:53.645Z] [unzip] else mkdir: /Users/dchoi/.cache/firebase/emulators/ui-v1.15.0/client/assets/provider-icons
[debug] [2026-05-12T06:45:53.645Z] [unzip] deflating: /Users/dchoi/.cache/firebase/emulators/ui-v1.15.0/client/assets/provider-icons/auth_service_twitter.svg
[debug] [2026-05-12T06:45:53.646Z] [unzip] Entry: client/assets/provider-icons/auth_service_play_games.svg (compressed_size=565 bytes, uncompressed_size=1173 bytes)
[debug] [2026-05-12T06:45:53.646Z] [unzip] Processing entry: client/assets/provider-icons/auth_service_play_games.svg
[debug] [2026-05-12T06:45:53.646Z] [unzip] else mkdir: /Users/dchoi/.cache/firebase/emulators/ui-v1.15.0/client/assets/provider-icons
[debug] [2026-05-12T06:45:53.646Z] [unzip] deflating: /Users/dchoi/.cache/firebase/emulators/ui-v1.15.0/client/assets/provider-icons/auth_service_play_games.svg
[debug] [2026-05-12T06:45:53.646Z] [unzip] Entry: client/assets/provider-icons/auth_service_email.svg (compressed_size=228 bytes, uncompressed_size=326 bytes)
[debug] [2026-05-12T06:45:53.646Z] [unzip] Processing entry: client/assets/provider-icons/auth_service_email.svg
[debug] [2026-05-12T06:45:53.646Z] [unzip] else mkdir: /Users/dchoi/.cache/firebase/emulators/ui-v1.15.0/client/assets/provider-icons
[debug] [2026-05-12T06:45:53.646Z] [unzip] deflating: /Users/dchoi/.cache/firebase/emulators/ui-v1.15.0/client/assets/provider-icons/auth_service_email.svg
[debug] [2026-05-12T06:45:53.646Z] [unzip] Entry: client/assets/provider-icons/auth_service_google.svg (compressed_size=409 bytes, uncompressed_size=720 bytes)
[debug] [2026-05-12T06:45:53.646Z] [unzip] Processing entry: client/assets/provider-icons/auth_service_google.svg
[debug] [2026-05-12T06:45:53.646Z] [unzip] else mkdir: /Users/dchoi/.cache/firebase/emulators/ui-v1.15.0/client/assets/provider-icons
[debug] [2026-05-12T06:45:53.646Z] [unzip] deflating: /Users/dchoi/.cache/firebase/emulators/ui-v1.15.0/client/assets/provider-icons/auth_service_google.svg
[debug] [2026-05-12T06:45:53.646Z] [unzip] Entry: client/assets/provider-icons/auth_service_oidc.svg (compressed_size=414 bytes, uncompressed_size=858 bytes)
[debug] [2026-05-12T06:45:53.646Z] [unzip] Processing entry: client/assets/provider-icons/auth_service_oidc.svg
[debug] [2026-05-12T06:45:53.646Z] [unzip] else mkdir: /Users/dchoi/.cache/firebase/emulators/ui-v1.15.0/client/assets/provider-icons
[debug] [2026-05-12T06:45:53.646Z] [unzip] deflating: /Users/dchoi/.cache/firebase/emulators/ui-v1.15.0/client/assets/provider-icons/auth_service_oidc.svg
[debug] [2026-05-12T06:45:53.647Z] [unzip] Entry: client/browserconfig.xml (compressed_size=491 bytes, uncompressed_size=822 bytes)
[debug] [2026-05-12T06:45:53.647Z] [unzip] Processing entry: client/browserconfig.xml
[debug] [2026-05-12T06:45:53.647Z] [unzip] else mkdir: /Users/dchoi/.cache/firebase/emulators/ui-v1.15.0/client
[debug] [2026-05-12T06:45:53.647Z] [unzip] deflating: /Users/dchoi/.cache/firebase/emulators/ui-v1.15.0/client/browserconfig.xml
[debug] [2026-05-12T06:45:53.647Z] [unzip] Entry: client/favicon-32x32.png (compressed_size=475 bytes, uncompressed_size=475 bytes)
[debug] [2026-05-12T06:45:53.647Z] [unzip] Processing entry: client/favicon-32x32.png
[debug] [2026-05-12T06:45:53.647Z] [unzip] else mkdir: /Users/dchoi/.cache/firebase/emulators/ui-v1.15.0/client
[debug] [2026-05-12T06:45:53.647Z] [unzip] Writing file: /Users/dchoi/.cache/firebase/emulators/ui-v1.15.0/client/favicon-32x32.png
[debug] [2026-05-12T06:45:53.647Z] [unzip] Entry: server/ (compressed_size=0 bytes, uncompressed_size=0 bytes)
[debug] [2026-05-12T06:45:53.647Z] [unzip] Processing entry: server/
[debug] [2026-05-12T06:45:53.647Z] [unzip] mkdir: /Users/dchoi/.cache/firebase/emulators/ui-v1.15.0/server/
[debug] [2026-05-12T06:45:53.647Z] [unzip] Entry: server/server.mjs.map (compressed_size=217845 bytes, uncompressed_size=944978 bytes)
[debug] [2026-05-12T06:45:53.647Z] [unzip] Processing entry: server/server.mjs.map
[debug] [2026-05-12T06:45:53.647Z] [unzip] else mkdir: /Users/dchoi/.cache/firebase/emulators/ui-v1.15.0/server
[debug] [2026-05-12T06:45:53.647Z] [unzip] deflating: /Users/dchoi/.cache/firebase/emulators/ui-v1.15.0/server/server.mjs.map
[debug] [2026-05-12T06:45:53.649Z] [unzip] Entry: server/server.mjs (compressed_size=276407 bytes, uncompressed_size=933701 bytes)
[debug] [2026-05-12T06:45:53.649Z] [unzip] Processing entry: server/server.mjs
[debug] [2026-05-12T06:45:53.649Z] [unzip] else mkdir: /Users/dchoi/.cache/firebase/emulators/ui-v1.15.0/server
[debug] [2026-05-12T06:45:53.649Z] [unzip] deflating: /Users/dchoi/.cache/firebase/emulators/ui-v1.15.0/server/server.mjs
[debug] [2026-05-12T07:08:22.421Z] Error: setRawMode EBADF
    at ReadStream.setRawMode (node:tty:81:24)
    at [_setRawMode] [as _setRawMode] (node:internal/readline/interface:418:18)
    at Interface.close (node:internal/readline/interface:552:24)
    at ReadStream.ontermend (node:internal/readline/interface:280:10)
    at ReadStream.emit (node:events:521:24)
    at endReadableNT (node:internal/streams/readable:1734:12)
    at process.processTicksAndRejections (node:internal/process/task_queues:90:21)
[error] 
[error] Error: An unexpected error has occurred.
[debug] [2026-05-12T07:08:22.424Z] Error: write EIO
    at afterWriteDispatched (node:internal/stream_base_commons:159:15)
    at writeGeneric (node:internal/stream_base_commons:150:3)
    at Socket._writeGeneric (node:net:1025:11)
    at Socket._write (node:net:1037:8)
    at writeOrBuffer (node:internal/streams/writable:570:12)
    at _write (node:internal/streams/writable:499:10)
    at Writable.write (node:internal/streams/writable:508:10)
    at Console.log (/opt/homebrew/lib/node_modules/firebase-tools/node_modules/winston/lib/winston/transports/console.js:87:23)
    at Console._write (/opt/homebrew/lib/node_modules/firebase-tools/node_modules/winston-transport/modern.js:103:17)
    at doWrite (/opt/homebrew/lib/node_modules/firebase-tools/node_modules/winston-transport/node_modules/readable-stream/lib/_stream_writable.js:390:139)
[error] 
[error] Error: An unexpected error has occurred.
[debug] [2026-05-12T07:08:22.425Z] Error: write EIO
    at afterWriteDispatched (node:internal/stream_base_commons:159:15)
    at writeGeneric (node:internal/stream_base_commons:150:3)
    at Socket._writeGeneric (node:net:1025:11)
    at Socket._write (node:net:1037:8)
    at writeOrBuffer (node:internal/streams/writable:570:12)
    at _write (node:internal/streams/writable:499:10)
    at Writable.write (node:internal/streams/writable:508:10)
    at Console.log (/opt/homebrew/lib/node_modules/firebase-tools/node_modules/winston/lib/winston/transports/console.js:87:23)
    at Console._write (/opt/homebrew/lib/node_modules/firebase-tools/node_modules/winston-transport/modern.js:103:17)
    at doWrite (/opt/homebrew/lib/node_modules/firebase-tools/node_modules/winston-transport/node_modules/readable-stream/lib/_stream_writable.js:390:139)
[error] 
[error] Error: An unexpected error has occurred.
[debug] [2026-05-12T07:08:22.425Z] Error: write EIO
    at afterWriteDispatched (node:internal/stream_base_commons:159:15)
    at writeGeneric (node:internal/stream_base_commons:150:3)
    at Socket._writeGeneric (node:net:1025:11)
    at Socket._write (node:net:1037:8)
    at writeOrBuffer (node:internal/streams/writable:570:12)
    at _write (node:internal/streams/writable:499:10)
    at Writable.write (node:internal/streams/writable:508:10)
    at Console.log (/opt/homebrew/lib/node_modules/firebase-tools/node_modules/winston/lib/winston/transports/console.js:87:23)
    at Console._write (/opt/homebrew/lib/node_modules/firebase-tools/node_modules/winston-transport/modern.js:103:17)
    at doWrite (/opt/homebrew/lib/node_modules/firebase-tools/node_modules/winston-transport/node_modules/readable-stream/lib/_stream_writable.js:390:139)
[error] 
[error] Error: An unexpected error has occurred.
[debug] [2026-05-12T07:08:22.425Z] Error: write EIO
    at afterWriteDispatched (node:internal/stream_base_commons:159:15)
    at writeGeneric (node:internal/stream_base_commons:150:3)
    at Socket._writeGeneric (node:net:1025:11)
    at Socket._write (node:net:1037:8)
    at writeOrBuffer (node:internal/streams/writable:570:12)
    at _write (node:internal/streams/writable:499:10)
    at Writable.write (node:internal/streams/writable:508:10)
    at Console.log (/opt/homebrew/lib/node_modules/firebase-tools/node_modules/winston/lib/winston/transports/console.js:87:23)
    at Console._write (/opt/homebrew/lib/node_modules/firebase-tools/node_modules/winston-transport/modern.js:103:17)
    at doWrite (/opt/homebrew/lib/node_modules/firebase-tools/node_modules/winston-transport/node_modules/readable-stream/lib/_stream_writable.js:390:139)
[error] 
[error] Error: An unexpected error has occurred.
[debug] [2026-05-12T07:08:22.426Z] Error: write EIO
    at afterWriteDispatched (node:internal/stream_base_commons:159:15)
    at writeGeneric (node:internal/stream_base_commons:150:3)
    at Socket._writeGeneric (node:net:1025:11)
    at Socket._write (node:net:1037:8)
    at writeOrBuffer (node:internal/streams/writable:570:12)
    at _write (node:internal/streams/writable:499:10)
    at Writable.write (node:internal/streams/writable:508:10)
    at Console.log (/opt/homebrew/lib/node_modules/firebase-tools/node_modules/winston/lib/winston/transports/console.js:87:23)
    at Console._write (/opt/homebrew/lib/node_modules/firebase-tools/node_modules/winston-transport/modern.js:103:17)
    at doWrite (/opt/homebrew/lib/node_modules/firebase-tools/node_modules/winston-transport/node_modules/readable-stream/lib/_stream_writable.js:390:139)
[error] 
[error] Error: An unexpected error has occurred.
[debug] [2026-05-12T07:08:22.426Z] Error: write EIO
    at afterWriteDispatched (node:internal/stream_base_commons:159:15)
    at writeGeneric (node:internal/stream_base_commons:150:3)
    at Socket._writeGeneric (node:net:1025:11)
    at Socket._write (node:net:1037:8)
    at writeOrBuffer (node:internal/streams/writable:570:12)
    at _write (node:internal/streams/writable:499:10)
    at Writable.write (node:internal/streams/writable:508:10)
    at Console.log (/opt/homebrew/lib/node_modules/firebase-tools/node_modules/winston/lib/winston/transports/console.js:87:23)
    at Console._write (/opt/homebrew/lib/node_modules/firebase-tools/node_modules/winston-transport/modern.js:103:17)
    at doWrite (/opt/homebrew/lib/node_modules/firebase-tools/node_modules/winston-transport/node_modules/readable-stream/lib/_stream_writable.js:390:139)
[error] 
[error] Error: An unexpected error has occurred.
[debug] [2026-05-12T07:08:22.426Z] Error: write EIO
    at afterWriteDispatched (node:internal/stream_base_commons:159:15)
    at writeGeneric (node:internal/stream_base_commons:150:3)
    at Socket._writeGeneric (node:net:1025:11)
    at Socket._write (node:net:1037:8)
    at writeOrBuffer (node:internal/streams/writable:570:12)
    at _write (node:internal/streams/writable:499:10)
    at Writable.write (node:internal/streams/writable:508:10)
    at Console.log (/opt/homebrew/lib/node_modules/firebase-tools/node_modules/winston/lib/winston/transports/console.js:87:23)
    at Console._write (/opt/homebrew/lib/node_modules/firebase-tools/node_modules/winston-transport/modern.js:103:17)
    at doWrite (/opt/homebrew/lib/node_modules/firebase-tools/node_modules/winston-transport/node_modules/readable-stream/lib/_stream_writable.js:390:139)
[error] 
[error] Error: An unexpected error has occurred.
